// Jest Snapshot v1, https://goo.gl/fbAQLP

exports[`should render page 1`] = `
<div>
  <div>
    ...Header...
  </div>
  <main />
  <div>
    ...Footer...
  </div>
</div>
`;
